[dotenv@17.3.1] injecting env (12) from .env -- tip: ⚙️  write to custom object with { processEnv: myObject }
[dotenv@17.3.1] injecting env (0) from .env -- tip: 🛠️  run anywhere with `dotenvx run -- yourcommand`
Testing WhatsApp module...
1. Sending test text...
[WhatsApp] Enviando texto a: 51992371285 (original: 51992371285@s.whatsapp.net)
[WhatsApp] sendText response (201): {"key":{"remoteJid":"51992371285@s.whatsapp.net","fromMe":true,"id":"3EB01139398773D9BE97F0"},"pushName":"Você","status":"PENDING","message":{"conversation":"Test message from OpenGravity System"},"contextInfo":{"mentionedJid":[],"groupMentions":[],"ephemeralSettingTimestamp":{"low":1773173735,"high

2. Sending test image...
[WhatsApp] Enviando image a: 51992371285. URL: https://mwp.botlylatam.cloud/assets/media/capilla1.jpg
[WhatsApp] sendMedia response (201): {"key":{"remoteJid":"51992371285@s.whatsapp.net","fromMe":true,"id":"3EB0FE97F8B3F4B80CC545"},"pushName":"Você","status":"PENDING","message":{"imageMessage":{"interactiveAnnotations":[],"scanLengths":[],"annotations":[],"url":"https://mmg.whatsapp.net/o1/v/t24/f2/m232/AQOZF3k1fxGzUMAgW24_lfax1JQue1ZqNB8C9ZVr2wxDfnUpxV32_H8ZbV5tyo6StzNskEMXMhHnmvBc09-cQXBkWo1zaRUehPXFEeo17w?ccb=9-4&oh=01_Q5Aa4AHnFmdWTrMbemsgAkbHBrzPN0e72E2yB5SR6ML6bTCOlg&oe=69DA97FB&_nc_sid=e6ed6c&mms3=true","mimetype":"image/jpeg","caption":"Test image from OpenGravity System","fileSha256":{"0":189,"1":148,"2":147,"3":94,"4":158,"5":130,"6":241,"7":231,"8":152,"9":3,"10":100,"11":63,"12":14,"13":114,"14":109,"15":48,"16":68,"17":190,"18":223,"19":192,"20":242,"21":57,"22":172,"23":11,"24":144,"25":57,"26":111,"27":194,"28":157,"29":241,"30":89,"31":133},"fileLength":{"low":130503,"high":0,"unsigned":true},"height":768,"width":1024,"mediaKey":{"0":111,"1":217,"2":113,"3":95,"4":30,"5":36,"6":18,"7":71,"8":140,"9":62,"10":137,"11":78,"12":62,"13":21,"14":112,"15":87,"16":94,"17":105,"18":64,"19":61,"20":206,"21":38,"22":114,"23":124,"24":15,"25":37,"26":126,"27":178,"28":23,"29":0,"30":99,"31":140},"fileEncSha256":{"0":22,"1":76,"2":254,"3":224,"4":241,"5":75,"6":97,"7":73,"8":111,"9":155,"10":118,"11":44,"12":194,"13":214,"14":114,"15":18,"16":180,"17":53,"18":55,"19":212,"20":163,"21":148,"22":177,"23":255,"24":26,"25":129,"26":189,"27":244,"28":0,"29":186,"30":104,"31":223},"directPath":"/o1/v/t24/f2/m232/AQOZF3k1fxGzUMAgW24_lfax1JQue1ZqNB8C9ZVr2wxDfnUpxV32_H8ZbV5tyo6StzNskEMXMhHnmvBc09-cQXBkWo1zaRUehPXFEeo17w?ccb=9-4&oh=01_Q5Aa4AHnFmdWTrMbemsgAkbHBrzPN0e72E2yB5SR6ML6bTCOlg&oe=69DA97FB&_nc_sid=e6ed6c","mediaKeyTimestamp":{"low":1773346538,"high":0,"unsigned":false},"jpegThumbnail":{"0":255,"1":216,"2":255,"3":219,"4":0,"5":67,"6":0,"7":16,"8":11,"9":12,"10":14,"11":12,"12":10,"13":16,"14":14,"15":13,"16":14,"17":18,"18":17,"19":16,"20":19,"21":24,"22":40,"23":26,"24":24,"25":22,"26":22,"27":24,"28":49,"29":35,"30":37,"31":29,"32":40,"33":58,"34":51,"35":61,"36":60,"37":57,"38":51,"39":56,"40":55,"41":64,"42":72,"43":92,"44":78,"45":64,"46":68,"47":87,"48":69,"49":55,"50":56,"51":80,"52":109,"53":81,"54":87,"55":95,"56":98,"57":103,"58":104,"59":103,"60":62,"61":77,"62":113,"63":121,"64":112,"65":100,"66":120,"67":92,"68":101,"69":103,"70":99,"71":255,"72":219,"73":0,"74":67,"75":1,"76":17,"77":18,"78":18,"79":24,"80":21,"81":24,"82":47,"83":26,"84":26,"85":47,"86":99,"87":66,"88":56,"89":66,"90":99,"91":99,"92":99,"93":99,"94":99,"95":99,"96":99,"97":99,"98":99,"99":99,"100":99,"101":99,"102":99,"103":99,"104":99,"105":99,"106":99,"107":99,"108":99,"109":99,"110":99,"111":99,"112":99,"113":99,"114":99,"115":99,"116":99,"117":99,"118":99,"119":99,"120":99,"121":99,"122":99,"123":99,"124":99,"125":99,"126":99,"127":99,"128":99,"129":99,"130":99,"131":99,"132":99,"133":99,"134":99,"135":99,"136":99,"137":99,"138":99,"139":99,"140":255,"141":192,"142":0,"143":17,"144":8,"145":0,"146":24,"147":0,"148":32,"149":3,"150":1,"151":34,"152":0,"153":2,"154":17,"155":1,"156":3,"157":17,"158":1,"159":255,"160":196,"161":0,"162":24,"163":0,"164":0,"165":2,"166":3,"167":0,"168":0,"169":0,"170":0,"171":0,"172":0,"173":0,"174":0,"175":0,"176":0,"177":0,"178":0,"179":0,"180":0,"181":5,"182":3,"183":4,"184":6,"185":255,"186":196,"187":0,"188":37,"189":16,"190":0,"191":1,"192":3,"193":3,"194":3,"195":4,"196":3,"197":1,"198":0,"199":0,"200":0,"201":0,"202":0,"203":0,"204":0,"205":0,"206":1,"207":2,"208":3,"209":17,"210":0,"211":4,"212":33,"213":5,"214":18,"215":49,"216":34,"217":65,"218":97,"219":129,"220":19,"221":20,"222":50,"223":113,"224":255,"225":196,"226":0,"227":22,"228":1,"229":1,"230":1,"231":1,"232":0,"233":0,"234":0,"235":0,"236":0,"237":0,"238":0,"239":0,"240":0,"241":0,"242":0,"243":0,"244":0,"245":0,"246":4,"247":2,"248":255,"249":196,"250":0,"251":29,"252":17,"253":1,"254":0,"255":2,"256":2,"257":2,"258":3,"259":0,"260":0,"261":0,"262":0,"263":0,"264":0,"265":0,"266":0,"267":0,"268":0,"269":1,"270":0,"271":2,"272":17,"273":18,"274":3,"275":33,"276":34,"277":49,"278":65,"279":255,"280":218,"281":0,"282":12,"283":3,"284":1,"285":0,"286":2,"287":17,"288":3,"289":17,"290":0,"291":63,"292":0,"293":124,"294":29,"295":13,"296":20,"297":202,"298":84,"299":65,"300":49,"301":129,"302":53,"303":40,"304":187,"305":110,"306":208,"307":21,"308":163,"309":122,"310":119,"311":99,"312":104,"313":206,"314":124,"315":85,"316":68,"317":150,"318":155,"319":180,"320":8,"321":91,"322":249,"323":6,"324":100,"325":40,"326":3,"327":131,"328":197,"329":34,"330":213,"331":53,"332":119,"333":25,"334":117,"335":45,"336":217,"337":173,"338":42,"339":140,"340":168,"341":186,"342":10,"343":191,"344":149,"345":57,"346":154,"347":253,"348":148,"349":86,"350":187,"351":184,"352":9,"353":166,"354":114,"355":237,"356":183,"357":119,"358":60,"359":159,"360":148,"361":184,"362":4,"363":237,"364":82,"365":64,"366":35,"367":213,"368":64,"369":162,"370":22,"371":216,"372":84,"373":40,"374":18,"375":36,"376":133,"377":115,"378":73,"379":180,"380":141,"381":88,"382":56,"383":149,"384":166,"385":237,"386":192,"387":29,"388":81,"389":153,"390":64,"391":218,"392":34,"393":154,"394":59,"395":245,"396":110,"397":44,"398":141,"399":179,"400":110,"401":192,"402":41,"403":219,"404":133,"405":103,"406":205,"407":45,"408":229,"409":233,"410":134,"411":186,"412":56,"413":73,"414":149,"415":189,"416":212,"417":92,"418":252,"419":19,"420":213,"421":17,"422":30,"423":249,"424":165,"425":161,"426":101,"427":68,"428":146,"429":100,"430":247,"431":205,"432":20,"433":86,"434":25,"435":111,"436":8,"437":7,"438":80,"439":11,"440":60,"441":130,"442":113,"443":222,"444":174,"445":218,"446":234,"447":174,"448":180,"449":71,"450":80,"451":4,"452":8,"453":6,"454":49,"455":69,"456":20,"457":9,"458":171,"459":133,"460":142,"461":231,"462":255,"463":217},"contextInfo":{"mentionedJid":[],"groupMentions":[],"ephemeralSettingTimestamp":{"low":1773173738,"high":0,"unsigned":false},"disappearingMode":{"initiator":0}}}},"contextInfo":{"mentionedJid":[],"groupMentions":[],"ephemeralSettingTimestamp":{"low":1773173738,"high":0,"unsigned":false},"disappearingMode":{"initiator":0}},"messageType":"imageMessage","messageTimestamp":1773346538,"instanceId":"8669ff16-2912-478d-a399-370e2b93c068","source":"web"}

Tests completed. Check WhatsApp.
